// Bun Snapshot v1, https://goo.gl/fbAQLP

exports[`Auth - Login returns an error if invalid input is parsed 1`] = `[Error: Please provide your e-mail.]`;

exports[`Auth - Login returns an error if only email is parsed 1`] = `[ReferenceError: Can't find variable: jest]`;

exports[`Auth - Login returns an error if email has invalid email format 1`] = `[Error: Invalid Email Format]`;

exports[`Auth - Signup returns an error if email is empty string 1`] = `[Error: Please provide your e-mail.]`;

exports[`Auth - Signup returns an error if email is incorrect format 1`] = `[Error: Invalid Email Format]`;

exports[`Auth - ForgotPassword returns an error if email is empty string 1`] = `false`;

exports[`Auth - ForgotPassword returns an error if email is incorrect format 1`] = `false`;

exports[`Auth - ResetPassword returns an error if inputs are empty 1`] = `[Error: Incorrect params provided.]`;

exports[`Auth - ResetPassword returns an error if password does not match confirmation 1`] = `[Error: Incorrect params provided.]`;
