// Jest Snapshot v1, https://goo.gl/fbAQLP

exports[`Successful post queries can get feed with published posts 1`] = `
Array [
  Object {
    "authorId": 1,
    "content": "My Content",
    "id": 1,
    "published": true,
    "title": "Post",
  },
]
`;

exports[`Successful post queries can get filtered posts with valid search string 1`] = `Array []`;

exports[`Successful post queries can get post with valid id 1`] = `null`;
